// Jest Snapshot v1, https://goo.gl/fbAQLP

exports[`Pruebas en SearchPage Debe de mostrarse correctamente con valores por defecto 1`] = `
<div>
  <h1
    class="mt-5"
  >
    SearchPage
  </h1>
  <hr />
  <div
    class="row"
  >
    <div
      class="col-5"
    >
      <h4>
        Searching
      </h4>
      <hr />
      <form>
        <input
          autocomplete="off"
          class="form-control mb-2"
          id="seachText"
          name="seachText"
          placeholder="Search hero"
          type="text"
          value=""
        />
        <button
          class="btn btn-outline-primary"
        >
          Search
        </button>
      </form>
    </div>
    <div
      class="col-7"
    >
      <h4>
        Result
      </h4>
      <hr />
      <div
        class="alert alert-primary animate__animated animate__fadeIn"
      >
        Search a hero
      </div>
    </div>
  </div>
</div>
`;
